Enable succeeded: 
[stdout]
1436 IOPS @ 723.5 us

--- iter 2 ---
  iter=2  read=4275 IOPS @ 691.6 us   write=1433 IOPS @ 724.3 us

--- iter 3 ---
  iter=3  read=4326 IOPS @ 683.1 us   write=1450 IOPS @ 716.2 us

Test 3a summary saved to /tmp/followup-results/vm-misaligned-z2-nconnect8-3a.txt
iter,read_iops,read_lat_us,write_iops,write_lat_us
1,4286,689.5,1436,723.5
2,4275,691.6,1433,724.3
3,4326,683.1,1450,716.2

##########  Test 3b - Iodepth sweep  ##########

--- iodepth=1 ---
  iodepth=1     read=4302 IOPS @ 687.4 us   write=1442 IOPS @ 719.0 us

--- iodepth=4 ---
  iodepth=4     read=4305 IOPS @ 687.3 us   write=1443 IOPS @ 717.6 us

--- iodepth=16 ---
  iodepth=16    read=4335 IOPS @ 682.8 us   write=1453 IOPS @ 711.8 us

--- iodepth=64 ---
  iodepth=64    read=4324 IOPS @ 683.3 us   write=1450 IOPS @ 717.5 us

--- iodepth=256 ---
  iodepth=256   read=4288 IOPS @ 689.9 us   write=1437 IOPS @ 721.0 us

Test 3b summary saved to /tmp/followup-results/vm-misaligned-z2-nconnect8-3b.txt
iodepth,read_iops,read_lat_us,write_iops,write_lat_us
1,4302,687.4,1442,719.0
4,4305,687.3,1443,717.6
16,4335,682.8,1453,711.8
64,4324,683.3,1450,717.5
256,4288,689.9,1437,721.0

==========================================================
  Done on vm-misaligned (zone 2, nconnect=8)
  All raw JSON in /tmp/followup-results
==========================================================

==================================================================
=== 5 TiB run @ nconnect=16
==================================================================
==========================================================
  Follow-up test on vm-misaligned (zone 2, nconnect=16)
  2026-06-15T10:47:45Z
==========================================================
==> Unmounting existing /mnt/netapp
==> Mounting /mnt/netapp with nconnect=16
10.50.2.4:/vol1 on /mnt/netapp type nfs4 (rw,relatime,vers=4.1,rsize=262144,wsize=262144,namlen=255,hard,fatal_neterrors=none,proto=tcp,nconnect=16,timeo=600,retrans=2,sec=sys,clientaddr=10.50.1.4,local_lock=none,addr=10.50.2.4)


##########  Test 3a - Repeatability (iodepth=64, 4 jobs, 30 s, x3)  ##########

--- iter 1 ---
  iter=1  read=4355 IOPS @ 677.5 us   write=1460 IOPS @ 714.2 us

--- iter 2 ---
  iter=2  read=4344 IOPS @ 678.1 us   write=1456 IOPS @ 720.0 us

--- iter 3 ---
  iter=3  read=4312 IOPS @ 682.2 us   write=1446 IOPS @ 728.4 us

Test 3a summary saved to /tmp/followup-results/vm-misaligned-z2-nconnect16-3a.txt
iter,read_iops,read_lat_us,write_iops,write_lat_us
1,4355,677.5,1460,714.2
2,4344,678.1,1456,720.0
3,4312,682.2,1446,728.4

##########  Test 3b - Iodepth sweep  ##########

--- iodepth=1 ---
  iodepth=1     read=4334 IOPS @ 679.8 us   write=1453 IOPS @ 721.2 us

--- iodepth=4 ---
  iodepth=4     read=4318 IOPS @ 684.1 us   write=1448 IOPS @ 718.4 us

--- iodepth=16 ---
  iodepth=16    read=4337 IOPS @ 679.7 us   write=1454 IOPS @ 719.7 us

--- iodepth=64 ---
  iodepth=64    read=4340 IOPS @ 679.5 us   write=1455 IOPS @ 718.6 us

--- iodepth=256 ---
  iodepth=256   read=4348 IOPS @ 677.6 us   write=1458 IOPS @ 719.1 us

Test 3b summary saved to /tmp/followup-results/vm-misaligned-z2-nconnect16-3b.txt
iodepth,read_iops,read_lat_us,write_iops,write_lat_us
1,4334,679.8,1453,721.2
4,4318,684.1,1448,718.4
16,4337,679.7,1454,719.7
64,4340,679.5,1455,718.6
256,4348,677.6,1458,719.1

==========================================================
  Done on vm-misaligned (zone 2, nconnect=16)
  All raw JSON in /tmp/followup-results
==========================================================

==================================================================
=== Summary of 5 TiB result files
==================================================================
-rw-r--r-- 1 root root 123 Jun 15 10:49 /tmp/followup-results/5tib-vm-misaligned-z2-nconnect16-3a.txt
-rw-r--r-- 1 root root 178 Jun 15 10:53 /tmp/followup-results/5tib-vm-misaligned-z2-nconnect16-3b.txt
-rw-r--r-- 1 root root 123 Jun 15 10:44 /tmp/followup-results/5tib-vm-misaligned-z2-nconnect8-3a.txt
-rw-r--r-- 1 root root 178 Jun 15 10:47 /tmp/followup-results/5tib-vm-misaligned-z2-nconnect8-3b.txt

[stderr]

